.next/types/validator.ts(105,39): error TS2307: Cannot find module '../../src/app/admin/attendance/page.js' or its corresponding type declarations.
